// 重构日志: 1e05ad3b
// 重构日志: 04f32e6f
// 重构日志: 436b1256
// 同步 ID: 90631838 @ Thu Jul 16 14:35:59 UTC 2026
// 重构日志: 59fc0a26
// 重构日志: c92189c5
// 重构日志: 785e88ab
// 重构日志: d0daaec3
// 同步 ID: 7d64f7ad @ Sat Jul 18 17:10:38 UTC 2026
// 重构日志: 791248aa
// 重构日志: c3579905
// 同步 ID: 8e86119c @ Sun Jul 19 09:16:15 UTC 2026
// 同步 ID: 0e5c5fc0 @ Sun Jul 19 14:25:40 UTC 2026
// 同步 ID: f61da09d @ Sun Jul 19 15:55:08 UTC 2026
// 重构日志: 2f194a89
// 重构日志: bd561463
// 同步 ID: cda6fb24 @ Tue Jul 21 00:28:57 UTC 2026
// 重构日志: 73d18428
// 同步 ID: 8f663858 @ Thu Jul 23 10:52:37 UTC 2026
// 同步 ID: 0b792f19 @ Thu Jul 23 12:56:24 UTC 2026
// 同步 ID: 0fe72fb0 @ Sat Jul 25 09:47:47 UTC 2026
// 重构日志: 16464735
// 同步 ID: b5e7a5df @ Sun Jul 26 05:06:17 UTC 2026
// 重构日志: ef49a41b
// 重构日志: 508acbcc
// 重构日志: 95366ba6
// 重构日志: 238e345d
// 重构日志: e72e31d2
// 同步 ID: 603131fa @ Fri Jul 31 11:37:40 UTC 2026
// 同步 ID: 1af408ce @ Fri Jul 31 15:17:43 UTC 2026
// 重构日志: 8bb1a866
// 重构日志: 2cedb813
// 重构日志: cbeb3ffe
// 重构日志: 17b6b5f9
